---
source: src/x86_64_linux/test.rs
expression: result
---
main__:
      push       rbp
       mov       rbp,       rsp
       mov       rdi,         1
       mov       rsi,         3
       mov       rdx,       rdi
       cmp       rdx,       rsi
      setg        al
     movzx       rdx,        al
      test       rdx,       rdx
        jz       .L0__
       mov       rcx,         1
       mov       rax,       rcx
       jmp     .exit__
.L0__:
       mov        r8,       100
       mov       rax,        r8
       jmp     .exit__
.exit__:
       mov       rbp,       rsp
       pop       rbp
       ret

