---
source: src/x86_64_linux/test.rs
expression: result
---
main__:
    ;; Enter
    push      rbp
    mov       rbp,      rsp
    mov       rdi,      1
    mov       rsi,      3
    ;; Grt
    mov       rdx,      rdi
    cmp       rdx,      rsi
    setg      al
    movzx     rdx,      al
    ;; Conditional
    test      rdx,      rdx
    jz        .L0__
    mov       rcx,      1
    ;; Return
    mov       rax,      rcx
    ;; Jump
    jmp       .exit__
    ;; DefLabel
.L0__:
    mov       r8,       100
    ;; Return
    mov       rax,      r8
    ;; Jump
    jmp       .exit__
    ;; DefLabel
.exit__:
    ;; Leave
    mov       rbp,      rsp
    pop       rbp
    ret

