---
source: src/x86_64_linux/test.rs
expression: result
---
add__:
    ;; Enter
    push      rbp
    mov       rbp,      rsp
    ;; Add
    mov       rdi,      rsi
    add       rdi,      rsi
    ;; Return
    mov       rax,      rdi
    ;; Jump
    jmp       .exit__
    ;; DefLabel
.exit__:
    ;; Leave
    mov       rbp,      rsp
    pop       rbp
    ret
addOne__:
    ;; Enter
    push      rbp
    mov       rbp,      rsp
    mov       rdi,      1
    ;; Call
    call      add__
    ;; Jump
    jmp       .exit__
    ;; DefLabel
.exit__:
    ;; Leave
    mov       rbp,      rsp
    pop       rbp
    ret
main__:
    ;; Enter
    push      rbp
    mov       rbp,      rsp
    mov       rdi,      31
    ;; Call
    call      addOne__
    ;; Jump
    jmp       .exit__
    ;; DefLabel
.exit__:
    ;; Leave
    mov       rbp,      rsp
    pop       rbp
    ret

