---
source: src/x86_64_linux/test.rs
expression: result
---
max__:
      push       rbp
       mov       rbp,       rsp
       mov   qword [rbp-8],       rdi
       mov       rdi,   qword [rbp-8]
       mov  qword [rbp-16],       rsi
       mov       rsi,  qword [rbp-16]
       mov       rdx,       rdi
       cmp       rdx,       rsi
      setg        al
     movzx       rdx,        al
      test       rdx,       rdx
        jz       .L0__
       mov       rax,       rdi
       jmp     .exit__
.L0__:
       mov       rax,       rsi
       jmp     .exit__
.exit__:
       mov       rbp,       rsp
       pop       rbp
       ret
main__:
      push       rbp
       mov       rbp,       rsp
       mov       rdi,         1
       mov       rsi,         2
      call       max__
       mov       rax,       rdx
       jmp     .exit__
.exit__:
       mov       rbp,       rsp
       pop       rbp
       ret

