---
source: src/lexer/test.rs
expression: snapshot_lexing(contents)
---
fn main() {
^^ Fn((0,0)->(0,2))
   ^^^^ Ident 'main' (0,3)->(0,7)
       ^ CtrlLParan '(' (0,7)->(0,8)
        ^ CtrlRParan ')' (0,8)->(0,9)
          ^ CtrlLBrace '{' (0,10)->(0,11)
  return 1 + 2 * 3;
  ^^^^^^ Return((1,2)->(1,8))
         ^ LitInt '1' (1,9)->(1,10)
           ^ OpAdd '+' (1,11)->(1,12)
             ^ LitInt '2' (1,13)->(1,14)
               ^ OpMul '*' (1,15)->(1,16)
                 ^ LitInt '3' (1,17)->(1,18)
                  ^ CtrlSemiColon ';' (1,18)->(1,19)
}
^ CtrlRBrace '}' (2,0)->(2,1)

