---
source: src/ir/test.rs
expression: result
---
function add(%0: u64, %1: u64) {
    enter
    %2 = %0 + %1
    return %2
    goto .exit
.exit:
    leave
}

function addOne(%0: u64) {
    enter
    load %2 1
    call add(%2, %0) -> %1
    return
    goto .exit
.exit:
    leave
}

function main() {
    enter
    load %1 31
    call addOne(%1) -> %0
    return
    goto .exit
.exit:
    leave
}


