---
source: src/ir/test.rs
expression: result
---
function max(%0: u64, %1: u64) {
    enter
    %2 = %0 > %1
    if %2 goto .L0
    return %0
    goto .exit
.L0:
    return %1
    goto .exit
.exit:
    leave
}function main() {
    enter
    load %1 1
    load %2 2
    call max(%1, %2) -> %0
    return
    goto .exit
.exit:
    leave
}
